score B0 0 T_G1_01 calculate
score B0 1 T_G1_01 Final
score B0 2 T_G2_01 calculate
score B0 3 T_G2_01 Final
score B0 4 T_F2_01 calculate
score B0 5 T_F2_01 Final
score B0 6 T_L1_01 calculate
score B0 7 T_L1_01 Final
score B0 8 T_L2_01 calculate
score B0 9 T_L2_01 Final
score B0 10 T_G1_02 calculate
score B0 11 T_G1_02 Final
score B0 12 T_G2_02 calculate
score B0 13 T_G2_02 Final
score B0 14 T_F1_02 calculate
score B0 15 T_F1_02 Final
score B0 16 T_F2_02 calculate
score B0 17 T_F2_02 Final
score B0 18 T_L2_02 calculate
score B0 19 T_L2_02 Final
score B0 20 T_G1_03 calculate
score B0 21 T_G1_03 Final
score B0 22 T_G2_03 calculate
score B0 23 T_G2_03 Final
score B0 24 T_F1_03 calculate
score B0 25 T_F1_03 Final
score B0 26 T_F2_03 calculate
score B0 27 T_F2_03 Final
score B0 28 T_L1_03 calculate
score B0 29 T_L1_03 Final
score B0 30 T_F1_04 calculate
score B0 31 T_F1_04 Final
score B0 32 T_F2_04 calculate
score B0 33 T_F2_04 Final
score B0 34 T_L1_04 calculate
score B0 35 T_L1_04 Final
