score P_11 0 T_G1_01 calculate
score P_11 1 T_G1_01 Final
score P_11 2 T_G2_01 calculate
score P_11 3 T_G2_01 Final
score P_11 4 T_F2_01 calculate
score P_11 5 T_F2_01 Final
score P_11 6 T_L1_01 calculate
score P_11 7 T_L1_01 Final
score P_11 8 T_L2_01 calculate
score P_11 9 T_L2_01 Final
score P_11 10 T_G1_02 calculate
score P_11 11 T_G1_02 Final
score P_11 12 T_G2_02 calculate
score P_11 13 T_G2_02 Final
score P_11 14 T_F1_02 calculate
score P_11 15 T_F1_02 Final
score P_11 16 T_F2_02 calculate
score P_11 17 T_F2_02 Final
score P_11 18 T_L2_02 calculate
score P_11 19 T_L2_02 Final
score P_11 20 T_G1_03 calculate
score P_11 21 T_G1_03 Final
score P_11 22 T_G2_03 calculate
score P_11 23 T_G2_03 Final
score P_11 24 T_F1_03 calculate
score P_11 25 T_F1_03 Final
score P_11 26 T_F2_03 calculate
score P_11 27 T_F2_03 Final
score P_11 28 T_L1_03 calculate
score P_11 29 T_L1_03 Final
score P_11 30 T_F1_04 calculate
score P_11 31 T_F1_04 Final
score P_11 32 T_F2_04 calculate
score P_11 33 T_F2_04 Final
score P_11 34 T_L1_04 calculate
score P_11 35 T_L1_04 Final
