score Q_47 0 T_G1_01 calculate
score Q_47 1 T_G1_01 Final
score Q_47 2 T_G2_01 calculate
score Q_47 3 T_G2_01 Final
score Q_47 4 T_F2_01 calculate
score Q_47 5 T_F2_01 Final
score Q_47 6 T_L1_01 calculate
score Q_47 7 T_L1_01 Final
score Q_47 8 T_L2_01 calculate
score Q_47 9 T_L2_01 Final
score Q_47 10 T_G1_02 calculate
score Q_47 11 T_G1_02 Final
score Q_47 12 T_G2_02 calculate
score Q_47 13 T_G2_02 Final
score Q_47 14 T_F1_02 calculate
score Q_47 15 T_F1_02 Final
score Q_47 16 T_F2_02 calculate
score Q_47 17 T_F2_02 Final
score Q_47 18 T_L2_02 calculate
score Q_47 19 T_L2_02 Final
score Q_47 20 T_G1_03 calculate
score Q_47 21 T_G1_03 Final
score Q_47 22 T_G2_03 calculate
score Q_47 23 T_G2_03 Final
score Q_47 24 T_F1_03 calculate
score Q_47 25 T_F1_03 Final
score Q_47 26 T_F2_03 calculate
score Q_47 27 T_F2_03 Final
score Q_47 28 T_L1_03 calculate
score Q_47 29 T_L1_03 Final
score Q_47 30 T_F1_04 calculate
score Q_47 31 T_F1_04 Final
score Q_47 32 T_F2_04 calculate
score Q_47 33 T_F2_04 Final
score Q_47 34 T_L1_04 calculate
score Q_47 35 T_L1_04 Final
