score P_29 0 T_G1_01 calculate
score P_29 1 T_G1_01 Final
score P_29 2 T_G2_01 calculate
score P_29 3 T_G2_01 Final
score P_29 4 T_F2_01 calculate
score P_29 5 T_F2_01 Final
score P_29 6 T_L1_01 calculate
score P_29 7 T_L1_01 Final
score P_29 8 T_L2_01 calculate
score P_29 9 T_L2_01 Final
score P_29 10 T_G1_02 calculate
score P_29 11 T_G1_02 Final
score P_29 12 T_G2_02 calculate
score P_29 13 T_G2_02 Final
score P_29 14 T_F1_02 calculate
score P_29 15 T_F1_02 Final
score P_29 16 T_F2_02 calculate
score P_29 17 T_F2_02 Final
score P_29 18 T_L2_02 calculate
score P_29 19 T_L2_02 Final
score P_29 20 T_G1_03 calculate
score P_29 21 T_G1_03 Final
score P_29 22 T_G2_03 calculate
score P_29 23 T_G2_03 Final
score P_29 24 T_F1_03 calculate
score P_29 25 T_F1_03 Final
score P_29 26 T_F2_03 calculate
score P_29 27 T_F2_03 Final
score P_29 28 T_L1_03 calculate
score P_29 29 T_L1_03 Final
score P_29 30 T_F1_04 calculate
score P_29 31 T_F1_04 Final
score P_29 32 T_F2_04 calculate
score P_29 33 T_F2_04 Final
score P_29 34 T_L1_04 calculate
score P_29 35 T_L1_04 Final
